// Jest Snapshot v1, https://goo.gl/fbAQLP

exports[`renders correctly 1`] = `
<form>
  <div
    className="form-group"
  >
    <label
      className="control-label"
      htmlFor="first_name"
    >
      First Name
    </label>
    <input
      className="form-control"
      id="first_name"
      placeholder="Sean"
      type="text"
    />
  </div>
  <div
    className="form-group"
  >
    <label
      className="control-label"
      htmlFor="last_name"
    >
      Last Name
    </label>
    <input
      className="form-control"
      id="last_name"
      placeholder="Van Osselaer"
      type="text"
    />
  </div>
  <div
    className="form-group"
  >
    <label
      className="control-label"
      htmlFor="annual_salary"
    >
      Annual Salary
    </label>
    <input
      className="form-control"
      id="annual_salary"
      placeholder="175000"
      type="text"
    />
  </div>
  <div
    className="form-group"
  >
    <label
      className="control-label"
      htmlFor="year"
    >
      Year
    </label>
    <input
      className="form-control"
      defaultValue={2017}
      id="year"
      placeholder={2017}
      type="text"
    />
  </div>
  <div
    className="form-group"
  >
    <label
      className="control-label"
      htmlFor="month"
    >
      Month
    </label>
    <select
      className="form-control"
      defaultValue="APRIL"
      id="month"
      placeholder="..."
      type={undefined}
    >
      <option
        value="JANUARY"
      >
        January
      </option>
      <option
        value="FEBRUARY"
      >
        February
      </option>
      <option
        value="MARCH"
      >
        March
      </option>
      <option
        value="APRIL"
      >
        April
      </option>
      <option
        value="MAY"
      >
        May
      </option>
      <option
        value="JUNE"
      >
        June
      </option>
      <option
        value="JULY"
      >
        July
      </option>
      <option
        value="AUGUST"
      >
        August
      </option>
      <option
        value="SEPTEMBER"
      >
        September
      </option>
      <option
        value="OCTOBER"
      >
        October
      </option>
      <option
        value="NOVEMBER"
      >
        November
      </option>
      <option
        value="DECEMBER"
      >
        December
      </option>
    </select>
  </div>
  <div
    className="form-group"
  >
    <label
      className="control-label"
      htmlFor="super_rate"
    >
      Super Rate
    </label>
    <input
      className="form-control"
      id="super_rate"
      placeholder="..."
      type="text"
    />
  </div>
</form>
`;
