// Jest Snapshot v1, https://goo.gl/fbAQLP

exports[`renders correctly 1`] = `
<form>
  <div
    className="form-group has-feedback has-error"
  >
    <label
      className="control-label"
      htmlFor="first_name"
    >
      First Name
    </label>
    <input
      className="form-control"
      id="first_name"
      onChange={[Function]}
      placeholder="Sean"
      type="text"
      value=""
    />
    <span
      className="form-control-feedback glyphicon glyphicon-remove"
    />
  </div>
  <div
    className="form-group has-feedback has-error"
  >
    <label
      className="control-label"
      htmlFor="last_name"
    >
      Last Name
    </label>
    <input
      className="form-control"
      id="last_name"
      onChange={[Function]}
      placeholder="Van Osselaer"
      type="text"
      value=""
    />
    <span
      className="form-control-feedback glyphicon glyphicon-remove"
    />
  </div>
  <div
    className="form-group has-feedback has-error"
  >
    <label
      className="control-label"
      htmlFor="annual_salary"
    >
      Annual Salary
    </label>
    <input
      className="form-control"
      id="annual_salary"
      onChange={[Function]}
      placeholder="175000"
      type="number"
      value={0}
    />
    <span
      className="form-control-feedback glyphicon glyphicon-remove"
    />
  </div>
  <div
    className="form-group"
  >
    <label
      className="control-label"
      htmlFor="year"
    >
      Year
    </label>
    <input
      className="form-control"
      defaultValue={2017}
      id="year"
      placeholder={2017}
      type="text"
    />
  </div>
  <div
    className="form-group"
  >
    <label
      className="control-label"
      htmlFor="month"
    >
      Month
    </label>
    <select
      className="form-control"
      defaultValue="FEBRUARY"
      id="month"
      placeholder="..."
      type={undefined}
    >
      <option
        value="JANUARY"
      >
        January
      </option>
      <option
        value="FEBRUARY"
      >
        February
      </option>
      <option
        value="MARCH"
      >
        March
      </option>
      <option
        value="APRIL"
      >
        April
      </option>
      <option
        value="MAY"
      >
        May
      </option>
      <option
        value="JUNE"
      >
        June
      </option>
      <option
        value="JULY"
      >
        July
      </option>
      <option
        value="AUGUST"
      >
        August
      </option>
      <option
        value="SEPTEMBER"
      >
        September
      </option>
      <option
        value="OCTOBER"
      >
        October
      </option>
      <option
        value="NOVEMBER"
      >
        November
      </option>
      <option
        value="DECEMBER"
      >
        December
      </option>
    </select>
  </div>
  <div
    className="form-group"
  >
    <label
      className="control-label"
      htmlFor="super_rate"
    >
      Super Rate
    </label>
    <input
      className="form-control"
      defaultValue="9"
      id="super_rate"
      placeholder="..."
      type="text"
    />
  </div>
</form>
`;
